../Core/Src/can_config.c:118:6:CAN_Init	8	static
../Core/Src/can_config.c:165:6:HAL_CAN_RxFifo0MsgPendingCallback	16	static
../Core/Src/can_config.c:178:6:CAN_On_Receive	16	static
../Core/Src/can_config.c:198:6:CAN_Receive	24	static
../Core/Src/can_config.c:216:6:CAN_Transmit	24	static
../Core/Src/can_config.c:230:6:CAN_Respond	16	static
../Core/Src/can_config.c:246:6:CAN_ProcessWriteCommand	16	static
../Core/Src/can_config.c:265:6:CAN_AcknowledgeWriteMessage	16	static
../Core/Src/can_config.c:281:6:CAN_ReportError	16	static
../Core/Src/can_config.c:294:6:CANBUS_Error_Handler	8	static,ignoring_inline_asm
../Core/Src/can_config.c:305:6:ReadReactionHandler1	8	static
../Core/Src/can_config.c:313:6:WriteReactionHandler1	8	static
