../Core/Src/can_config.c:119:6:CAN_Init	8	static
../Core/Src/can_config.c:166:6:HAL_CAN_RxFifo0MsgPendingCallback	16	static
../Core/Src/can_config.c:179:6:CAN_On_Receive	16	static
../Core/Src/can_config.c:199:6:CAN_Receive	24	static
../Core/Src/can_config.c:217:6:CAN_Transmit	24	static
../Core/Src/can_config.c:231:6:CAN_Respond	16	static
../Core/Src/can_config.c:247:6:CAN_ProcessWriteCommand	16	static
../Core/Src/can_config.c:266:6:CAN_AcknowledgeWriteMessage	16	static
../Core/Src/can_config.c:282:6:CAN_ReportError	16	static
../Core/Src/can_config.c:295:6:CANBUS_Error_Handler	8	static,ignoring_inline_asm
../Core/Src/can_config.c:308:6:ReadAIRsAmperageHandler	8	static
../Core/Src/can_config.c:323:6:ReadInsulationResistanceValueHandler	8	static
../Core/Src/can_config.c:336:6:WriteTractiveSystemStateHandler	8	static
../Core/Src/can_config.c:351:6:WriteMainStatusHandler	8	static
