../Core/Src/main.c:113:5:main	8	static
../Core/Src/main.c:172:6:SystemClock_Config	112	static
../Core/Src/main.c:222:6:HAL_TIM_IC_CaptureCallback	32	static
../Core/Src/main.c:274:6:IMD_ShortCircuitTo24VError_Handler	8	static
../Core/Src/main.c:284:6:IMD_InsulationMeasurementError_Handler	8	static
../Core/Src/main.c:294:6:IMD_UnderVoltageError_Handler	8	static
../Core/Src/main.c:304:6:IMD_SpeedStartError_Handler	8	static
../Core/Src/main.c:314:6:IMD_DeviceError_Handler	8	static
../Core/Src/main.c:324:6:IMD_ConFaultEarthError_Handler	8	static
../Core/Src/main.c:335:6:IMD_MalfunctionError_Handler	8	static
../Core/Src/main.c:346:6:AIRs_CurrentMeasurment	8	static
../Core/Src/main.c:381:6:AIRs_Check	8	static
../Core/Src/main.c:423:6:MAIN_StatusCheck	8	static
../Core/Src/main.c:442:6:ADC_SetChannel	40	static
../Core/Src/main.c:459:6:Error_Handler	8	static,ignoring_inline_asm
