../Core/Src/main.c:113:5:main	8	static
../Core/Src/main.c:172:6:SystemClock_Config	112	static
../Core/Src/main.c:222:6:HAL_TIM_IC_CaptureCallback	32	static
../Core/Src/main.c:274:6:IMD_ShortCircuitTo24VError_Handler	8	static
../Core/Src/main.c:284:6:IMD_InsulationMeasurementError_Handler	8	static
../Core/Src/main.c:294:6:IMD_UnderVoltageError_Handler	8	static
../Core/Src/main.c:304:6:IMD_SpeedStartError_Handler	8	static
../Core/Src/main.c:314:6:IMD_DeviceError_Handler	8	static
../Core/Src/main.c:324:6:IMD_ConFaultEarthError_Handler	8	static
../Core/Src/main.c:335:6:IMD_MalfunctionError_Handler	8	static
../Core/Src/main.c:345:6:BMS_Check	16	static
../Core/Src/main.c:361:6:AIR1_AIR2_Current_Measurment	8	static
../Core/Src/main.c:393:6:AIR1_AIR2_Check	8	static
../Core/Src/main.c:436:6:MAIN_Status_Check	8	static
../Core/Src/main.c:457:6:Set_ADC_Channel	40	static
../Core/Src/main.c:474:6:Error_Handler	8	static,ignoring_inline_asm
